]0;~/Desktop/School document/R-fun-project/Manga[?1034hMacBook-Air:Manga EmilyWang$ [KMacBook-Air:Manga EmilyWang$ git remote add origin https://github.com/LiYin gWang/Manga.git
fatal: Not a git repository (or any of the parent directories): .git
]0;~/Desktop/School document/R-fun-project/MangaMacBook-Air:Manga EmilyWang$ got init
bash: got: command not found
]0;~/Desktop/School document/R-fun-project/MangaMacBook-Air:Manga EmilyWang$ git init
Initialized empty Git repository in /Users/EmilyWang/Desktop/School document/R-fun-project/Manga/.git/
]0;~/Desktop/School document/R-fun-project/MangaMacBook-Air:Manga EmilyWang$ git remote add origin https://github.com/LiYin gWang/Manga.git
]0;~/Desktop/School document/R-fun-project/MangaMacBook-Air:Manga EmilyWang$ git push -u origin master
error: src refspec master does not match any.
error: failed to push some refs to 'https://github.com/LiYingWang/Manga.git'
]0;~/Desktop/School document/R-fun-project/MangaMacBook-Air:Manga EmilyWang$ git add .
]0;~/Desktop/School document/R-fun-project/MangaMacBook-Air:Manga EmilyWang$ git commit -am 'initial'
[master (root-commit) 581d5c1] initial
 Committer: 王儷螢 <EmilyWang@MacBook-Air.local>
Your name and email address were configured automatically based
on your username and hostname. Please check that they are accurate.
You can suppress this message by setting them explicitly. Run the
following command and follow the instructions in your editor to edit
your configuration file:

    git config --global --edit

After doing this, you may fix the identity used for this commit with:

    git commit --amend --reset-author

 26 files changed, 795 insertions(+)
 create mode 100644 .Rhistory
 create mode 100644 .Rproj.user/3D966634/console06/54DC7AE7
 create mode 100644 .Rproj.user/3D966634/console06/54DC7AE7.env
 create mode 100644 .Rproj.user/3D966634/console06/INDEX001
 create mode 100644 .Rproj.user/3D966634/pcs/debug-breakpoints.pper
 create mode 100644 .Rproj.user/3D966634/pcs/files-pane.pper
 create mode 100644 .Rproj.user/3D966634/pcs/source-pane.pper
 create mode 100644 .Rproj.user/3D966634/pcs/windowlayoutstate.pper
 create mode 100644 .Rproj.user/3D966634/pcs/workbench-pane.pper
 create mode 100644 .Rproj.user/3D966634/persistent-state
 create mode 100644 .Rproj.user/3D966634/rmd-outputs
 create mode 100644 .Rproj.user/3D966634/saved_source_markers
 create mode 100644 .Rproj.user/3D966634/sources/prop/19990287
 create mode 100644 .Rproj.user/3D966634/sources/prop/3762E740
 create mode 100644 .Rproj.user/3D966634/sources/prop/7865D022
 create mode 100644 .Rproj.user/3D966634/sources/prop/CA5983D3
 create mode 100644 .Rproj.user/3D966634/sources/prop/F9B46241
 create mode 100644 .Rproj.user/3D966634/sources/prop/INDEX
 create mode 100644 .Rproj.user/3D966634/sources/s-589A892B/B6FB744B
 create mode 100644 .Rproj.user/3D966634/sources/s-589A892B/B6FB744B-contents
 create mode 100644 .Rproj.user/3D966634/sources/s-589A892B/lock_file
 create mode 100644 .Rproj.user/shared/notebooks/patch-chunk-names
 create mode 100644 .Rproj.user/shared/notebooks/paths
 create mode 100644 Manga.Rproj
 create mode 100644 manga.R
 create mode 100644 top30-manga.png
]0;~/Desktop/School document/R-fun-project/MangaMacBook-Air:Manga EmilyWang$ git commit -am 'initial'add .[Kpush -u origin master
Counting objects: 35, done.
Delta compression using up to 4 threads.
Compressing objects:   3% (1/30)   Compressing objects:   6% (2/30)   Compressing objects:  10% (3/30)   Compressing objects:  13% (4/30)   Compressing objects:  16% (5/30)   Compressing objects:  20% (6/30)   Compressing objects:  23% (7/30)   Compressing objects:  26% (8/30)   Compressing objects:  30% (9/30)   Compressing objects:  33% (10/30)   Compressing objects:  36% (11/30)   Compressing objects:  40% (12/30)   Compressing objects:  43% (13/30)   Compressing objects:  46% (14/30)   Compressing objects:  50% (15/30)   Compressing objects:  53% (16/30)   Compressing objects:  56% (17/30)   Compressing objects:  60% (18/30)   Compressing objects:  63% (19/30)   Compressing objects:  66% (20/30)   Compressing objects:  70% (21/30)   Compressing objects:  73% (22/30)   Compressing objects:  76% (23/30)   Compressing objects:  80% (24/30)   Compressing objects:  83% (25/30)   Compressing objects:  86% (26/30)   Compressing objects:  90% (27/30)   Compressing objects:  93% (28/30)   Compressing objects:  96% (29/30)   Compressing objects: 100% (30/30)   Compressing objects: 100% (30/30), done.
Writing objects:   2% (1/35)   Writing objects:   5% (2/35)   Writing objects:   8% (3/35)   Writing objects:  11% (4/35)   Writing objects:  14% (5/35)   Writing objects:  17% (6/35)   Writing objects:  20% (7/35)   Writing objects:  22% (8/35)   Writing objects:  25% (9/35)   Writing objects:  28% (10/35)   Writing objects:  31% (11/35)   Writing objects:  34% (12/35)   Writing objects:  37% (13/35)   Writing objects:  40% (14/35)   Writing objects:  42% (15/35)   Writing objects:  45% (16/35)   Writing objects:  48% (17/35)   Writing objects:  51% (18/35)   Writing objects:  54% (19/35)   Writing objects:  57% (20/35)   Writing objects:  60% (21/35)   Writing objects:  62% (22/35)   Writing objects:  65% (23/35)   Writing objects:  68% (24/35)   Writing objects:  71% (25/35)   Writing objects:  74% (26/35)   Writing objects:  77% (27/35)   Writing objects:  80% (28/35)   Writing objects:  82% (29/35)   Writing objects:  85% (30/35)   Writing objects:  88% (31/35)   Writing objects:  91% (32/35)   Writing objects:  94% (33/35)   Writing objects:  97% (34/35)   Writing objects: 100% (35/35)   Writing objects: 100% (35/35), 334.21 KiB | 3.98 MiB/s, done.
Total 35 (delta 1), reused 0 (delta 0)
remote: Resolving deltas:   0% (0/1)   [Kremote: Resolving deltas: 100% (1/1)   [Kremote: Resolving deltas: 100% (1/1), done.[K
To https://github.com/LiYingWang/Manga.git
 * [new branch]      master -> master
Branch master set up to track remote branch master from origin.
]0;~/Desktop/School document/R-fun-project/MangaMacBook-Air:Manga EmilyWang$ git config user.name
]0;~/Desktop/School document/R-fun-project/MangaMacBook-Air:Manga EmilyWang$ git config user.name
]0;~/Desktop/School document/R-fun-project/MangaMacBook-Air:Manga EmilyWang$ git config --global user.name "My Name"
]0;~/Desktop/School document/R-fun-project/MangaMacBook-Air:Manga EmilyWang$ and change My Namegit config --global user.name "My Name"
]0;~/Desktop/School document/R-fun-project/MangaMacBook-Air:Manga EmilyWang$ git config --global user.name "Liying Wang"
]0;~/Desktop/School document/R-fun-project/MangaMacBook-Air:Manga EmilyWang$ git config user.name
Liying Wang
]0;~/Desktop/School document/R-fun-project/MangaMacBook-Air:Manga EmilyWang$ git push -u origin master
Branch master set up to track remote branch master from origin.
Everything up-to-date
]0;~/Desktop/School document/R-fun-project/MangaMacBook-Air:Manga EmilyWang$ git add .
]0;~/Desktop/School document/R-fun-project/MangaMacBook-Air:Manga EmilyWang$ git add .push -u origin master[5Pconfig user.name--global user.name "Liying Wang"[4PMy Name"user.name[Kpush -u origin master[1Pcommit -am 'initial'add .[Kcommit -am 'initial'push -u origin master[1Pcommit -am 'initial'[1P'[1P'[1P'[1P'[1P'[1P'[1P'u'p'd'a't'e's'
[master 1456569] updates
 Committer: Liying Wang <EmilyWang@MacBook-Air.local>
Your name and email address were configured automatically based
on your username and hostname. Please check that they are accurate.
You can suppress this message by setting them explicitly:

    git config --global user.name "Your Name"
    git config --global user.email you@example.com

After doing this, you may fix the identity used for this commit with:

    git commit --amend --reset-author

 5 files changed, 71 insertions(+), 10 deletions(-)
]0;~/Desktop/School document/R-fun-project/MangaMacBook-Air:Manga EmilyWang$ git config --global user.name "Liying Wang"
]0;~/Desktop/School document/R-fun-project/MangaMacBook-Air:Manga EmilyWang$ git config --global user.name "Liying Wang"[C[C[C[C[C[C[C[C[C[C[C[C[C[C[C[C[C[C[C[C[C[C[C[C[C[C[C[C[C[C[C[C[C[C[C[19Pmmit -am 'updates'add .[Kpush -u origin master[5Pconfig user.name
Liying Wang
]0;~/Desktop/School document/R-fun-project/MangaMacBook-Air:Manga EmilyWang$ git config --global user.email you@example.com [A[C[C[C[C[C[C[C[C[C[C[C[C[C[C[C[C[C[C[C[C[C[C[C[C[C[C[C[C[C[C[C[C[C[C[C[C[C[C[C[C[C[C[C[C[C[C[C[C[C[C[C[C[C[C[C[C[C[C[C[C[C[C[C[C[C[C[C[C[C[C[C[C[C[C[C[1P.com
[K[A[C[C[C[C[C[C[C[C[C[C[C[C[C[C[C[C[C[C[C[C[C[C[C[C[C[C[C[C[C[C[C[C[C[C[C[C[C[C[C[C[C[C[C[C[C[C[C[C[C[C[C[C[C[C[C[C[C[C[C[C[C[C[C[C[C[C[C[C[C[C[1P.com[1P.com[1P.com[1P.com[1P.com[1P.comg.comm.coma.comi.coml.com[C[C[C[1P@gmail.com[1P@gmail.com[1P@gmail.comj@gmail.coma@gmail.comy@gmail.comb@gmail.comi@gmail.com [A[C[C[C[C[C[C[C[C[C[C[C[C[C[C[C[C[C[C[C[C[C[C[C[C[C[C[C[C[C[C[C[C[C[C[C[C[C[C[C[C[C[C[C[C[C[C[C[C[C[C[C[C[C[C[C[C[C[C[C[C[C[C[C[Cn@gmail.comm[A[C[C[C[C[C[C[C[C[C[C[C[C[C[C[C[C[C[C[C[C[C[C[C[C[C[C[C[C[C[C[C[C[C[C[C[C[C[C[C[C[C[C[C[C[C[C[C[C[C[C[C[C[C[C[C[C[C[C[C[C[C[C[C[C[C5@gmail.com[A[C[C[C[C[C[C[C[C[C[C[C[C[C[C[C[C[C[C[C[C[C[C[C[C[C[C[C[C[C[C[C[C[C[C[C[C[C[C[C[C[C[C[C[C[C[C[C[C[C[C[C[C[C[C[C[C[C[C[C[C[C[C[C[C[C0@gmail.com[A[C[C[C[C[C[C[C[C[C[C[C[C[C[C[C[C[C[C[C[C[C[C[C[C[C[C[C[C[C[C[C[C[C[C[C[C[C[C[C[C[C[C[C[C[C[C[C[C[C[C[C[C[C[C[C[C[C[C[C[C[C[C[C[C[C2@gmail.com[A[C[C[C[C[C[C[C[C[C[C[C[C[C[C[C[C[C[C[C[C[C[C[C[C[C[C[C[C[C[C[C[C[C[C[C[C[C[C[C[C[C[C[C[C[C[C[C[C[C[C[C[C[C[C[C[C[C[C[C[C[C[C[C[C[C[C[C[C[C[C
[C[C[C[C
]0;~/Desktop/School document/R-fun-project/MangaMacBook-Air:Manga EmilyWang$ git config --global user.email
jaybin502@gmail.com
]0;~/Desktop/School document/R-fun-project/MangaMacBook-Air:Manga EmilyWang$ git config --global user.email jaybin502@gmail..com[A[C[C[C[C[C[C[C[C[C[C[C[C[C[C[C[C[C[C[C[C[C[C[C[C[C[C[C[C[C[C[C[C[C[C[C[Cuser.name[K
[K[A[C[C[C[C[C[C[C[C[C[C[C[C[C[C[C[C[C[C[C[C[C[C[C[C[C[C[C[C[C[C[C[C[C[C[C[C[C[C[C[C[C[C[C[C[C[C[C[C[C--global user.name "Liying Wang"[C[C[C[C[C[C[C[C[C[C[C[C[C[C[C[C[C[C[C[C[C[C[C[C[C[C[C[C[C[C[C[C[C[C[C[19Pmmit -am 'updates'add .[K
]0;~/Desktop/School document/R-fun-project/MangaMacBook-Air:Manga EmilyWang$ git add .config --global user.email jaybin502@gmail..com[A[C[C[C[C[C[C[C[C[C[C[C[C[C[C[C[C[C[C[C[C[C[C[C[C[C[C[C[C[C[C[C[C[C[C[C[Cuser.name[K
[K[A[C[C[C[C[C[C[C[C[C[C[C[C[C[C[C[C[C[C[C[C[C[C[C[C[C[C[C[C[C[C[C[C[C[C[C[C[C[C[C[C[C[C[C[C[C[C[C[C[C--global user.name "Liying Wang"[C[C[C[C[C[C[C[C[C[C[C[C[C[C[C[C[C[C[C[C[C[C[C[C[C[C[C[C[C[C[C[C[C[C[C[19Pmmit -am 'updates'
[master 069b09b] updates
 1 file changed, 26 insertions(+)
]0;~/Desktop/School document/R-fun-project/MangaMacBook-Air:Manga EmilyWang$ git commit -am 'updates'add .[Kconfig --global user.email jaybin502@gmail..com[A[C[C[C[C[C[C[C[C[C[C[C[C[C[C[C[C[C[C[C[C[C[C[C[C[C[C[C[C[C[C[C[C[C[C[C[Cuser.name[K
[K[A[C[C[C[C[C[C[C[C[C[C[C[C[C[C[C[C[C[C[C[C[C[C[C[C[C[C[C[C[C[C[C[C[C[C[C[C[C[C[C[C[C[C[C[C[C[C[C[C[C--global user.name "Liying Wang"[C[C[C[C[C[C[C[C[C[C[C[C[C[C[C[C[C[C[C[C[C[C[C[C[C[C[C[C[C[C[C[C[C[C[C[19Pmmit -am 'updates'add .[Kpush -u origin master
Counting objects: 18, done.
Delta compression using up to 4 threads.
Compressing objects:   5% (1/18)   Compressing objects:  11% (2/18)   Compressing objects:  16% (3/18)   Compressing objects:  22% (4/18)   Compressing objects:  27% (5/18)   Compressing objects:  33% (6/18)   Compressing objects:  38% (7/18)   Compressing objects:  44% (8/18)   Compressing objects:  50% (9/18)   Compressing objects:  55% (10/18)   Compressing objects:  61% (11/18)   Compressing objects:  66% (12/18)   Compressing objects:  72% (13/18)   Compressing objects:  77% (14/18)   Compressing objects:  83% (15/18)   Compressing objects:  88% (16/18)   Compressing objects:  94% (17/18)   Compressing objects: 100% (18/18)   Compressing objects: 100% (18/18), done.
Writing objects:   5% (1/18)   Writing objects:  11% (2/18)   Writing objects:  16% (3/18)   Writing objects:  22% (4/18)   Writing objects:  27% (5/18)   Writing objects:  33% (6/18)   Writing objects:  38% (7/18)   Writing objects:  44% (8/18)   Writing objects:  50% (9/18)   Writing objects:  55% (10/18)   Writing objects:  61% (11/18)   Writing objects:  66% (12/18)   Writing objects:  72% (13/18)   Writing objects:  77% (14/18)   Writing objects:  83% (15/18)   Writing objects:  88% (16/18)   Writing objects:  94% (17/18)   Writing objects: 100% (18/18)   Writing objects: 100% (18/18), 3.50 KiB | 717.00 KiB/s, done.
Total 18 (delta 7), reused 0 (delta 0)
remote: Resolving deltas:   0% (0/7)   [Kremote: Resolving deltas:  14% (1/7)   [Kremote: Resolving deltas:  28% (2/7)   [Kremote: Resolving deltas:  57% (4/7)   [Kremote: Resolving deltas:  71% (5/7)   [Kremote: Resolving deltas:  85% (6/7)   [Kremote: Resolving deltas: 100% (7/7)   [Kremote: Resolving deltas: 100% (7/7), completed with 4 local objects.[K
To https://github.com/LiYingWang/Manga.git
   581d5c1..069b09b  master -> master
Branch master set up to track remote branch master from origin.
]0;~/Desktop/School document/R-fun-project/MangaMacBook-Air:Manga EmilyWang$ 